// Jest Snapshot v1, https://goo.gl/fbAQLP

exports[`Notes page renders correctly 1`] = `
<div
  className="page"
>
  <h1>
    My Notes
  </h1>
  <div
    className={undefined}
    style={
      Object {
        "WebkitTapHighlightColor": "rgba(0,0,0,0)",
        "backgroundColor": "transparent",
        "borderRadius": "50%",
        "boxShadow": "0 3px 10px rgba(0, 0, 0, 0.16),
               0 3px 10px rgba(0, 0, 0, 0.23)",
        "boxSizing": "border-box",
        "color": "rgba(0, 0, 0, 0.87)",
        "display": "inline-block",
        "float": "right",
        "fontFamily": "Roboto, sans-serif",
        "marginTop": "-60px",
        "muiPrepared": true,
        "transition": "all 450ms cubic-bezier(0.23, 1, 0.32, 1) 0ms",
      }
    }
  >
    <button
      disabled={false}
      onBlur={[Function]}
      onClick={[Function]}
      onFocus={[Function]}
      onKeyDown={[Function]}
      onKeyUp={[Function]}
      onMouseDown={[Function]}
      onMouseEnter={[Function]}
      onMouseLeave={[Function]}
      onMouseUp={[Function]}
      onTouchEnd={[Function]}
      onTouchStart={[Function]}
      style={
        Object {
          "WebkitTapHighlightColor": "rgba(0, 0, 0, 0)",
          "backgroundColor": "#ff4081",
          "border": 10,
          "borderRadius": "50%",
          "boxSizing": "border-box",
          "cursor": "pointer",
          "display": "inline-block",
          "fontFamily": "Roboto, sans-serif",
          "fontSize": "inherit",
          "fontWeight": "inherit",
          "height": 40,
          "margin": 0,
          "muiPrepared": true,
          "outline": "none",
          "overflow": "hidden",
          "padding": 0,
          "position": "relative",
          "textAlign": "center",
          "textDecoration": "none",
          "transition": "all 450ms cubic-bezier(0.23, 1, 0.32, 1) 0ms",
          "verticalAlign": "bottom",
          "width": 40,
        }
      }
      tabIndex={0}
      type="button"
    >
      <div
        onMouseDown={[Function]}
        onMouseLeave={[Function]}
        onMouseUp={[Function]}
        onTouchEnd={[Function]}
        onTouchStart={[Function]}
      >
        <div
          style={
            Object {
              "muiPrepared": true,
              "top": 0,
              "transition": "all 450ms cubic-bezier(0.23, 1, 0.32, 1) 0ms",
            }
          }
        >
          <svg
            onMouseEnter={[Function]}
            onMouseLeave={[Function]}
            style={
              Object {
                "color": "#ffffff",
                "display": "inline-block",
                "fill": "#ffffff",
                "height": 40,
                "lineHeight": "40px",
                "muiPrepared": true,
                "transition": "all 450ms cubic-bezier(0.23, 1, 0.32, 1) 0ms",
                "userSelect": "none",
                "width": 24,
              }
            }
            viewBox="0 0 24 24"
          >
            <path
              d="M19 13h-6v6h-2v-6H5v-2h6V5h2v6h6v2z"
            />
          </svg>
        </div>
      </div>
    </button>
  </div>
  <hr
    style={
      Object {
        "backgroundColor": "#e0e0e0",
        "border": "none",
        "height": 1,
        "margin": 0,
        "marginBottom": "10px",
        "marginLeft": 0,
        "marginTop": -1,
        "muiPrepared": true,
      }
    }
  />
  <span>
    You have no notes yet.
    <a
      href="/new"
      onClick={[Function]}
    >
       Click here 
    </a>
    to add your first one.
  </span>
  <div />
</div>
`;
